// Jest Snapshot v1, https://goo.gl/fbAQLP

exports[`The OverlayUI component Renders consistently 1`] = `"<div class=\\"overlay-ui-container\\"><div class=\\"title-container card\\"><h3><svg stroke=\\"currentColor\\" fill=\\"currentColor\\" stroke-width=\\"0\\" viewBox=\\"0 0 24 24\\" style=\\"margin-right: 10px;\\" height=\\"1em\\" width=\\"1em\\" xmlns=\\"http://www.w3.org/2000/svg\\"><path fill=\\"none\\" stroke=\\"#000\\" stroke-width=\\"2\\" d=\\"M1,8.4 C1,4 4.5,3 6.5,3 C9,3 11,5 12,6.5 C13,5 15,3 17.5,3 C19.5,3 23,4 23,8.4 C23,15 12,21 12,21 C12,21 1,15 1,8.4 Z\\"></path></svg>Favorite Keeper</h3><p id=\\"select-a-result\\">Click one of the search result markers to add it to your favorites</p><button id=\\"clear-results\\">Clear Search Results</button></div><div class=\\"favorites-container card\\"><h3>Favorite Places</h3><p id=\\"click-the-map\\">Choose some favorites!</p></div></div>"`;
